// Jest Snapshot v1, https://goo.gl/fbAQLP

exports[`something 1`] = `
Object {
  "error": null,
  "result": Object {
    "body": "{\\"msg\\":\\"Hello, World!\\"}",
    "statusCode": 200,
  },
}
`;
